---
source: tests/integration/snapshot_completions_test.rs
expression: output
---
=== agr completions --shell bash ===
Exit code: 0

--- stdout ---
_agr() {
    local i cur prev opts cmd
    COMPREPLY=()
    if [[ "${BASH_VERSINFO[0]}" -ge 4 ]]; then
        cur="$2"
    else
        cur="${COMP_WORDS[COMP_CWORD]}"
    fi
    prev="$3"
    cmd=""
    opts=""

    for i in "${COMP_WORDS[@]:0:COMP_CWORD}"
    do
        case "${cmd},${i}" in
            ",$1")
                cmd="agr"
                ;;
            agr,agents)
                cmd="agr__agents"
                ;;
            agr,analyze)
                cmd="agr__analyze"
                ;;
            agr,cleanup)
                cmd="agr__cleanup"
                ;;
            agr,completions)
                cmd="agr__completions"
                ;;
            agr,config)
                cmd="agr__config"
                ;;
            agr,help)
                cmd="agr__help"
                ;;
            agr,list)
                cmd="agr__list"
                ;;
            agr,ls)
                cmd="agr__list"
                ;;
            agr,marker)
                cmd="agr__marker"
                ;;
            agr,optimize)
                cmd="agr__optimize"
                ;;
            agr,play)
                cmd="agr__play"
                ;;
            agr,record)
                cmd="agr__record"
                ;;
            agr,shell)
                cmd="agr__shell"
                ;;
            agr,status)
                cmd="agr__status"
                ;;
            agr__agents,add)
                cmd="agr__agents__add"
                ;;
            agr__agents,help)
                cmd="agr__agents__help"
                ;;
            agr__agents,is-wrapped)
                cmd="agr__agents__is__wrapped"
                ;;
            agr__agents,list)
                cmd="agr__agents__list"
                ;;
            agr__agents,no-wrap)
                cmd="agr__agents__no__wrap"
                ;;
            agr__agents,remove)
                cmd="agr__agents__remove"
                ;;
            agr__agents__help,add)
                cmd="agr__agents__help__add"
                ;;
            agr__agents__help,help)
                cmd="agr__agents__help__help"
                ;;
            agr__agents__help,is-wrapped)
                cmd="agr__agents__help__is__wrapped"
                ;;
            agr__agents__help,list)
                cmd="agr__agents__help__list"
                ;;
            agr__agents__help,no-wrap)
                cmd="agr__agents__help__no__wrap"
                ;;
            agr__agents__help,remove)
                cmd="agr__agents__help__remove"
                ;;
            agr__agents__help__no__wrap,add)
                cmd="agr__agents__help__no__wrap__add"
                ;;
            agr__agents__help__no__wrap,list)
                cmd="agr__agents__help__no__wrap__list"
                ;;
            agr__agents__help__no__wrap,remove)
                cmd="agr__agents__help__no__wrap__remove"
                ;;
            agr__agents__no__wrap,add)
                cmd="agr__agents__no__wrap__add"
                ;;
            agr__agents__no__wrap,help)
                cmd="agr__agents__no__wrap__help"
                ;;
            agr__agents__no__wrap,list)
                cmd="agr__agents__no__wrap__list"
                ;;
            agr__agents__no__wrap,remove)
                cmd="agr__agents__no__wrap__remove"
                ;;
            agr__agents__no__wrap__help,add)
                cmd="agr__agents__no__wrap__help__add"
                ;;
            agr__agents__no__wrap__help,help)
                cmd="agr__agents__no__wrap__help__help"
                ;;
            agr__agents__no__wrap__help,list)
                cmd="agr__agents__no__wrap__help__list"
                ;;
            agr__agents__no__wrap__help,remove)
                cmd="agr__agents__no__wrap__help__remove"
                ;;
            agr__config,edit)
                cmd="agr__config__edit"
                ;;
            agr__config,help)
                cmd="agr__config__help"
                ;;
            agr__config,migrate)
                cmd="agr__config__migrate"
                ;;
            agr__config,show)
                cmd="agr__config__show"
                ;;
            agr__config__help,edit)
                cmd="agr__config__help__edit"
                ;;
            agr__config__help,help)
                cmd="agr__config__help__help"
                ;;
            agr__config__help,migrate)
                cmd="agr__config__help__migrate"
                ;;
            agr__config__help,show)
                cmd="agr__config__help__show"
                ;;
            agr__help,agents)
                cmd="agr__help__agents"
                ;;
            agr__help,analyze)
                cmd="agr__help__analyze"
                ;;
            agr__help,cleanup)
                cmd="agr__help__cleanup"
                ;;
            agr__help,completions)
                cmd="agr__help__completions"
                ;;
            agr__help,config)
                cmd="agr__help__config"
                ;;
            agr__help,help)
                cmd="agr__help__help"
                ;;
            agr__help,list)
                cmd="agr__help__list"
                ;;
            agr__help,marker)
                cmd="agr__help__marker"
                ;;
            agr__help,optimize)
                cmd="agr__help__optimize"
                ;;
            agr__help,play)
                cmd="agr__help__play"
                ;;
            agr__help,record)
                cmd="agr__help__record"
                ;;
            agr__help,shell)
                cmd="agr__help__shell"
                ;;
            agr__help,status)
                cmd="agr__help__status"
                ;;
            agr__help__agents,add)
                cmd="agr__help__agents__add"
                ;;
            agr__help__agents,is-wrapped)
                cmd="agr__help__agents__is__wrapped"
                ;;
            agr__help__agents,list)
                cmd="agr__help__agents__list"
                ;;
            agr__help__agents,no-wrap)
                cmd="agr__help__agents__no__wrap"
                ;;
            agr__help__agents,remove)
                cmd="agr__help__agents__remove"
                ;;
            agr__help__agents__no__wrap,add)
                cmd="agr__help__agents__no__wrap__add"
                ;;
            agr__help__agents__no__wrap,list)
                cmd="agr__help__agents__no__wrap__list"
                ;;
            agr__help__agents__no__wrap,remove)
                cmd="agr__help__agents__no__wrap__remove"
                ;;
            agr__help__config,edit)
                cmd="agr__help__config__edit"
                ;;
            agr__help__config,migrate)
                cmd="agr__help__config__migrate"
                ;;
            agr__help__config,show)
                cmd="agr__help__config__show"
                ;;
            agr__help__marker,add)
                cmd="agr__help__marker__add"
                ;;
            agr__help__marker,list)
                cmd="agr__help__marker__list"
                ;;
            agr__help__shell,install)
                cmd="agr__help__shell__install"
                ;;
            agr__help__shell,status)
                cmd="agr__help__shell__status"
                ;;
            agr__help__shell,uninstall)
                cmd="agr__help__shell__uninstall"
                ;;
            agr__marker,add)
                cmd="agr__marker__add"
                ;;
            agr__marker,help)
                cmd="agr__marker__help"
                ;;
            agr__marker,list)
                cmd="agr__marker__list"
                ;;
            agr__marker__help,add)
                cmd="agr__marker__help__add"
                ;;
            agr__marker__help,help)
                cmd="agr__marker__help__help"
                ;;
            agr__marker__help,list)
                cmd="agr__marker__help__list"
                ;;
            agr__shell,help)
                cmd="agr__shell__help"
                ;;
            agr__shell,install)
                cmd="agr__shell__install"
                ;;
            agr__shell,status)
                cmd="agr__shell__status"
                ;;
            agr__shell,uninstall)
                cmd="agr__shell__uninstall"
                ;;
            agr__shell__help,help)
                cmd="agr__shell__help__help"
                ;;
            agr__shell__help,install)
                cmd="agr__shell__help__install"
                ;;
            agr__shell__help,status)
                cmd="agr__shell__help__status"
                ;;
            agr__shell__help,uninstall)
                cmd="agr__shell__help__uninstall"
                ;;
            *)
                ;;
        esac
    done

    case "${cmd}" in
        agr)
            opts="-h -V --help --version record status cleanup list ls analyze play marker agents config shell optimize completions help"
            if [[ ${cur} == -* || ${COMP_CWORD} -eq 1 ]] ; then
                COMPREPLY=( $(compgen -W "${opts}" -- "${cur}") )
                return 0
            fi
            case "${prev}" in
                *)
                    COMPREPLY=()
                    ;;
            esac
            COMPREPLY=( $(compgen -W "${opts}" -- "${cur}") )
            return 0
            ;;
        agr__agents)
            opts="-h --help list add remove is-wrapped no-wrap help"
            if [[ ${cur} == -* || ${COMP_CWORD} -eq 2 ]] ; then
                COMPREPLY=( $(compgen -W "${opts}" -- "${cur}") )
                return 0
            fi
            case "${prev}" in
                *)
                    COMPREPLY=()
                    ;;
            esac
            COMPREPLY=( $(compgen -W "${opts}" -- "${cur}") )
            return 0
            ;;
        agr__agents__add)
            opts="-h --help <NAME>"
            if [[ ${cur} == -* || ${COMP_CWORD} -eq 3 ]] ; then
                COMPREPLY=( $(compgen -W "${opts}" -- "${cur}") )
                return 0
            fi
            case "${prev}" in
                *)
                    COMPREPLY=()
                    ;;
            esac
            COMPREPLY=( $(compgen -W "${opts}" -- "${cur}") )
            return 0
            ;;
        agr__agents__help)
            opts="list add remove is-wrapped no-wrap help"
            if [[ ${cur} == -* || ${COMP_CWORD} -eq 3 ]] ; then
                COMPREPLY=( $(compgen -W "${opts}" -- "${cur}") )
                return 0
            fi
            case "${prev}" in
                *)
                    COMPREPLY=()
                    ;;
            esac
            COMPREPLY=( $(compgen -W "${opts}" -- "${cur}") )
            return 0
            ;;
        agr__agents__help__add)
            opts=""
            if [[ ${cur} == -* || ${COMP_CWORD} -eq 4 ]] ; then
                COMPREPLY=( $(compgen -W "${opts}" -- "${cur}") )
                return 0
            fi
            case "${prev}" in
                *)
                    COMPREPLY=()
                    ;;
            esac
            COMPREPLY=( $(compgen -W "${opts}" -- "${cur}") )
            return 0
            ;;
        agr__agents__help__help)
            opts=""
            if [[ ${cur} == -* || ${COMP_CWORD} -eq 4 ]] ; then
                COMPREPLY=( $(compgen -W "${opts}" -- "${cur}") )
                return 0
            fi
            case "${prev}" in
                *)
                    COMPREPLY=()
                    ;;
            esac
            COMPREPLY=( $(compgen -W "${opts}" -- "${cur}") )
            return 0
            ;;
        agr__agents__help__is__wrapped)
            opts=""
            if [[ ${cur} == -* || ${COMP_CWORD} -eq 4 ]] ; then
                COMPREPLY=( $(compgen -W "${opts}" -- "${cur}") )
                return 0
            fi
            case "${prev}" in
                *)
                    COMPREPLY=()
                    ;;
            esac
            COMPREPLY=( $(compgen -W "${opts}" -- "${cur}") )
            return 0
            ;;
        agr__agents__help__list)
            opts=""
            if [[ ${cur} == -* || ${COMP_CWORD} -eq 4 ]] ; then
                COMPREPLY=( $(compgen -W "${opts}" -- "${cur}") )
                return 0
            fi
            case "${prev}" in
                *)
                    COMPREPLY=()
                    ;;
            esac
            COMPREPLY=( $(compgen -W "${opts}" -- "${cur}") )
            return 0
            ;;
        agr__agents__help__no__wrap)
            opts="list add remove"
            if [[ ${cur} == -* || ${COMP_CWORD} -eq 4 ]] ; then
                COMPREPLY=( $(compgen -W "${opts}" -- "${cur}") )
                return 0
            fi
            case "${prev}" in
                *)
                    COMPREPLY=()
                    ;;
            esac
            COMPREPLY=( $(compgen -W "${opts}" -- "${cur}") )
            return 0
            ;;
        agr__agents__help__no__wrap__add)
            opts=""
            if [[ ${cur} == -* || ${COMP_CWORD} -eq 5 ]] ; then
                COMPREPLY=( $(compgen -W "${opts}" -- "${cur}") )
                return 0
            fi
            case "${prev}" in
                *)
                    COMPREPLY=()
                    ;;
            esac
            COMPREPLY=( $(compgen -W "${opts}" -- "${cur}") )
            return 0
            ;;
        agr__agents__help__no__wrap__list)
            opts=""
            if [[ ${cur} == -* || ${COMP_CWORD} -eq 5 ]] ; then
                COMPREPLY=( $(compgen -W "${opts}" -- "${cur}") )
                return 0
            fi
            case "${prev}" in
                *)
                    COMPREPLY=()
                    ;;
            esac
            COMPREPLY=( $(compgen -W "${opts}" -- "${cur}") )
            return 0
            ;;
        agr__agents__help__no__wrap__remove)
            opts=""
            if [[ ${cur} == -* || ${COMP_CWORD} -eq 5 ]] ; then
                COMPREPLY=( $(compgen -W "${opts}" -- "${cur}") )
                return 0
            fi
            case "${prev}" in
                *)
                    COMPREPLY=()
                    ;;
            esac
            COMPREPLY=( $(compgen -W "${opts}" -- "${cur}") )
            return 0
            ;;
        agr__agents__help__remove)
            opts=""
            if [[ ${cur} == -* || ${COMP_CWORD} -eq 4 ]] ; then
                COMPREPLY=( $(compgen -W "${opts}" -- "${cur}") )
                return 0
            fi
            case "${prev}" in
                *)
                    COMPREPLY=()
                    ;;
            esac
            COMPREPLY=( $(compgen -W "${opts}" -- "${cur}") )
            return 0
            ;;
        agr__agents__is__wrapped)
            opts="-h --help <NAME>"
            if [[ ${cur} == -* || ${COMP_CWORD} -eq 3 ]] ; then
                COMPREPLY=( $(compgen -W "${opts}" -- "${cur}") )
                return 0
            fi
            case "${prev}" in
                *)
                    COMPREPLY=()
                    ;;
            esac
            COMPREPLY=( $(compgen -W "${opts}" -- "${cur}") )
            return 0
            ;;
        agr__agents__list)
            opts="-h --help"
            if [[ ${cur} == -* || ${COMP_CWORD} -eq 3 ]] ; then
                COMPREPLY=( $(compgen -W "${opts}" -- "${cur}") )
                return 0
            fi
            case "${prev}" in
                *)
                    COMPREPLY=()
                    ;;
            esac
            COMPREPLY=( $(compgen -W "${opts}" -- "${cur}") )
            return 0
            ;;
        agr__agents__no__wrap)
            opts="-h --help list add remove help"
            if [[ ${cur} == -* || ${COMP_CWORD} -eq 3 ]] ; then
                COMPREPLY=( $(compgen -W "${opts}" -- "${cur}") )
                return 0
            fi
            case "${prev}" in
                *)
                    COMPREPLY=()
                    ;;
            esac
            COMPREPLY=( $(compgen -W "${opts}" -- "${cur}") )
            return 0
            ;;
        agr__agents__no__wrap__add)
            opts="-h --help <NAME>"
            if [[ ${cur} == -* || ${COMP_CWORD} -eq 4 ]] ; then
                COMPREPLY=( $(compgen -W "${opts}" -- "${cur}") )
                return 0
            fi
            case "${prev}" in
                *)
                    COMPREPLY=()
                    ;;
            esac
            COMPREPLY=( $(compgen -W "${opts}" -- "${cur}") )
            return 0
            ;;
        agr__agents__no__wrap__help)
            opts="list add remove help"
            if [[ ${cur} == -* || ${COMP_CWORD} -eq 4 ]] ; then
                COMPREPLY=( $(compgen -W "${opts}" -- "${cur}") )
                return 0
            fi
            case "${prev}" in
                *)
                    COMPREPLY=()
                    ;;
            esac
            COMPREPLY=( $(compgen -W "${opts}" -- "${cur}") )
            return 0
            ;;
        agr__agents__no__wrap__help__add)
            opts=""
            if [[ ${cur} == -* || ${COMP_CWORD} -eq 5 ]] ; then
                COMPREPLY=( $(compgen -W "${opts}" -- "${cur}") )
                return 0
            fi
            case "${prev}" in
                *)
                    COMPREPLY=()
                    ;;
            esac
            COMPREPLY=( $(compgen -W "${opts}" -- "${cur}") )
            return 0
            ;;
        agr__agents__no__wrap__help__help)
            opts=""
            if [[ ${cur} == -* || ${COMP_CWORD} -eq 5 ]] ; then
                COMPREPLY=( $(compgen -W "${opts}" -- "${cur}") )
                return 0
            fi
            case "${prev}" in
                *)
                    COMPREPLY=()
                    ;;
            esac
            COMPREPLY=( $(compgen -W "${opts}" -- "${cur}") )
            return 0
            ;;
        agr__agents__no__wrap__help__list)
            opts=""
            if [[ ${cur} == -* || ${COMP_CWORD} -eq 5 ]] ; then
                COMPREPLY=( $(compgen -W "${opts}" -- "${cur}") )
                return 0
            fi
            case "${prev}" in
                *)
                    COMPREPLY=()
                    ;;
            esac
            COMPREPLY=( $(compgen -W "${opts}" -- "${cur}") )
            return 0
            ;;
        agr__agents__no__wrap__help__remove)
            opts=""
            if [[ ${cur} == -* || ${COMP_CWORD} -eq 5 ]] ; then
                COMPREPLY=( $(compgen -W "${opts}" -- "${cur}") )
                return 0
            fi
            case "${prev}" in
                *)
                    COMPREPLY=()
                    ;;
            esac
            COMPREPLY=( $(compgen -W "${opts}" -- "${cur}") )
            return 0
            ;;
        agr__agents__no__wrap__list)
            opts="-h --help"
            if [[ ${cur} == -* || ${COMP_CWORD} -eq 4 ]] ; then
                COMPREPLY=( $(compgen -W "${opts}" -- "${cur}") )
                return 0
            fi
            case "${prev}" in
                *)
                    COMPREPLY=()
                    ;;
            esac
            COMPREPLY=( $(compgen -W "${opts}" -- "${cur}") )
            return 0
            ;;
        agr__agents__no__wrap__remove)
            opts="-h --help <NAME>"
            if [[ ${cur} == -* || ${COMP_CWORD} -eq 4 ]] ; then
                COMPREPLY=( $(compgen -W "${opts}" -- "${cur}") )
                return 0
            fi
            case "${prev}" in
                *)
                    COMPREPLY=()
                    ;;
            esac
            COMPREPLY=( $(compgen -W "${opts}" -- "${cur}") )
            return 0
            ;;
        agr__agents__remove)
            opts="-h --help <NAME>"
            if [[ ${cur} == -* || ${COMP_CWORD} -eq 3 ]] ; then
                COMPREPLY=( $(compgen -W "${opts}" -- "${cur}") )
                return 0
            fi
            case "${prev}" in
                *)
                    COMPREPLY=()
                    ;;
            esac
            COMPREPLY=( $(compgen -W "${opts}" -- "${cur}") )
            return 0
            ;;
        agr__analyze)
            opts="-a -h --agent --help <FILE>"
            if [[ ${cur} == -* || ${COMP_CWORD} -eq 2 ]] ; then
                COMPREPLY=( $(compgen -W "${opts}" -- "${cur}") )
                return 0
            fi
            case "${prev}" in
                --agent)
                    COMPREPLY=($(compgen -f "${cur}"))
                    return 0
                    ;;
                -a)
                    COMPREPLY=($(compgen -f "${cur}"))
                    return 0
                    ;;
                *)
                    COMPREPLY=()
                    ;;
            esac
            COMPREPLY=( $(compgen -W "${opts}" -- "${cur}") )
            return 0
            ;;
        agr__cleanup)
            opts="-h --agent --older-than --help"
            if [[ ${cur} == -* || ${COMP_CWORD} -eq 2 ]] ; then
                COMPREPLY=( $(compgen -W "${opts}" -- "${cur}") )
                return 0
            fi
            case "${prev}" in
                --agent)
                    COMPREPLY=($(compgen -f "${cur}"))
                    return 0
                    ;;
                --older-than)
                    COMPREPLY=($(compgen -f "${cur}"))
                    return 0
                    ;;
                *)
                    COMPREPLY=()
                    ;;
            esac
            COMPREPLY=( $(compgen -W "${opts}" -- "${cur}") )
            return 0
            ;;
        agr__completions)
            opts="-h --shell --shell-init --debug --files --limit --help [PREFIX]"
            if [[ ${cur} == -* || ${COMP_CWORD} -eq 2 ]] ; then
                COMPREPLY=( $(compgen -W "${opts}" -- "${cur}") )
                return 0
            fi
            case "${prev}" in
                --shell)
                    COMPREPLY=($(compgen -W "bash elvish fish powershell zsh" -- "${cur}"))
                    return 0
                    ;;
                --shell-init)
                    COMPREPLY=($(compgen -W "bash elvish fish powershell zsh" -- "${cur}"))
                    return 0
                    ;;
                --limit)
                    COMPREPLY=($(compgen -f "${cur}"))
                    return 0
                    ;;
                *)
                    COMPREPLY=()
                    ;;
            esac
            COMPREPLY=( $(compgen -W "${opts}" -- "${cur}") )
            return 0
            ;;
        agr__config)
            opts="-h --help show edit migrate help"
            if [[ ${cur} == -* || ${COMP_CWORD} -eq 2 ]] ; then
                COMPREPLY=( $(compgen -W "${opts}" -- "${cur}") )
                return 0
            fi
            case "${prev}" in
                *)
                    COMPREPLY=()
                    ;;
            esac
            COMPREPLY=( $(compgen -W "${opts}" -- "${cur}") )
            return 0
            ;;
        agr__config__edit)
            opts="-h --help"
            if [[ ${cur} == -* || ${COMP_CWORD} -eq 3 ]] ; then
                COMPREPLY=( $(compgen -W "${opts}" -- "${cur}") )
                return 0
            fi
            case "${prev}" in
                *)
                    COMPREPLY=()
                    ;;
            esac
            COMPREPLY=( $(compgen -W "${opts}" -- "${cur}") )
            return 0
            ;;
        agr__config__help)
            opts="show edit migrate help"
            if [[ ${cur} == -* || ${COMP_CWORD} -eq 3 ]] ; then
                COMPREPLY=( $(compgen -W "${opts}" -- "${cur}") )
                return 0
            fi
            case "${prev}" in
                *)
                    COMPREPLY=()
                    ;;
            esac
            COMPREPLY=( $(compgen -W "${opts}" -- "${cur}") )
            return 0
            ;;
        agr__config__help__edit)
            opts=""
            if [[ ${cur} == -* || ${COMP_CWORD} -eq 4 ]] ; then
                COMPREPLY=( $(compgen -W "${opts}" -- "${cur}") )
                return 0
            fi
            case "${prev}" in
                *)
                    COMPREPLY=()
                    ;;
            esac
            COMPREPLY=( $(compgen -W "${opts}" -- "${cur}") )
            return 0
            ;;
        agr__config__help__help)
            opts=""
            if [[ ${cur} == -* || ${COMP_CWORD} -eq 4 ]] ; then
                COMPREPLY=( $(compgen -W "${opts}" -- "${cur}") )
                return 0
            fi
            case "${prev}" in
                *)
                    COMPREPLY=()
                    ;;
            esac
            COMPREPLY=( $(compgen -W "${opts}" -- "${cur}") )
            return 0
            ;;
        agr__config__help__migrate)
            opts=""
            if [[ ${cur} == -* || ${COMP_CWORD} -eq 4 ]] ; then
                COMPREPLY=( $(compgen -W "${opts}" -- "${cur}") )
                return 0
            fi
            case "${prev}" in
                *)
                    COMPREPLY=()
                    ;;
            esac
            COMPREPLY=( $(compgen -W "${opts}" -- "${cur}") )
            return 0
            ;;
        agr__config__help__show)
            opts=""
            if [[ ${cur} == -* || ${COMP_CWORD} -eq 4 ]] ; then
                COMPREPLY=( $(compgen -W "${opts}" -- "${cur}") )
                return 0
            fi
            case "${prev}" in
                *)
                    COMPREPLY=()
                    ;;
            esac
            COMPREPLY=( $(compgen -W "${opts}" -- "${cur}") )
            return 0
            ;;
        agr__config__migrate)
            opts="-y -h --yes --help"
            if [[ ${cur} == -* || ${COMP_CWORD} -eq 3 ]] ; then
                COMPREPLY=( $(compgen -W "${opts}" -- "${cur}") )
                return 0
            fi
            case "${prev}" in
                *)
                    COMPREPLY=()
                    ;;
            esac
            COMPREPLY=( $(compgen -W "${opts}" -- "${cur}") )
            return 0
            ;;
        agr__config__show)
            opts="-h --help"
            if [[ ${cur} == -* || ${COMP_CWORD} -eq 3 ]] ; then
                COMPREPLY=( $(compgen -W "${opts}" -- "${cur}") )
                return 0
            fi
            case "${prev}" in
                *)
                    COMPREPLY=()
                    ;;
            esac
            COMPREPLY=( $(compgen -W "${opts}" -- "${cur}") )
            return 0
            ;;
        agr__help)
            opts="record status cleanup list analyze play marker agents config shell optimize completions help"
            if [[ ${cur} == -* || ${COMP_CWORD} -eq 2 ]] ; then
                COMPREPLY=( $(compgen -W "${opts}" -- "${cur}") )
                return 0
            fi
            case "${prev}" in
                *)
                    COMPREPLY=()
                    ;;
            esac
            COMPREPLY=( $(compgen -W "${opts}" -- "${cur}") )
            return 0
            ;;
        agr__help__agents)
            opts="list add remove is-wrapped no-wrap"
            if [[ ${cur} == -* || ${COMP_CWORD} -eq 3 ]] ; then
                COMPREPLY=( $(compgen -W "${opts}" -- "${cur}") )
                return 0
            fi
            case "${prev}" in
                *)
                    COMPREPLY=()
                    ;;
            esac
            COMPREPLY=( $(compgen -W "${opts}" -- "${cur}") )
            return 0
            ;;
        agr__help__agents__add)
            opts=""
            if [[ ${cur} == -* || ${COMP_CWORD} -eq 4 ]] ; then
                COMPREPLY=( $(compgen -W "${opts}" -- "${cur}") )
                return 0
            fi
            case "${prev}" in
                *)
                    COMPREPLY=()
                    ;;
            esac
            COMPREPLY=( $(compgen -W "${opts}" -- "${cur}") )
            return 0
            ;;
        agr__help__agents__is__wrapped)
            opts=""
            if [[ ${cur} == -* || ${COMP_CWORD} -eq 4 ]] ; then
                COMPREPLY=( $(compgen -W "${opts}" -- "${cur}") )
                return 0
            fi
            case "${prev}" in
                *)
                    COMPREPLY=()
                    ;;
            esac
            COMPREPLY=( $(compgen -W "${opts}" -- "${cur}") )
            return 0
            ;;
        agr__help__agents__list)
            opts=""
            if [[ ${cur} == -* || ${COMP_CWORD} -eq 4 ]] ; then
                COMPREPLY=( $(compgen -W "${opts}" -- "${cur}") )
                return 0
            fi
            case "${prev}" in
                *)
                    COMPREPLY=()
                    ;;
            esac
            COMPREPLY=( $(compgen -W "${opts}" -- "${cur}") )
            return 0
            ;;
        agr__help__agents__no__wrap)
            opts="list add remove"
            if [[ ${cur} == -* || ${COMP_CWORD} -eq 4 ]] ; then
                COMPREPLY=( $(compgen -W "${opts}" -- "${cur}") )
                return 0
            fi
            case "${prev}" in
                *)
                    COMPREPLY=()
                    ;;
            esac
            COMPREPLY=( $(compgen -W "${opts}" -- "${cur}") )
            return 0
            ;;
        agr__help__agents__no__wrap__add)
            opts=""
            if [[ ${cur} == -* || ${COMP_CWORD} -eq 5 ]] ; then
                COMPREPLY=( $(compgen -W "${opts}" -- "${cur}") )
                return 0
            fi
            case "${prev}" in
                *)
                    COMPREPLY=()
                    ;;
            esac
            COMPREPLY=( $(compgen -W "${opts}" -- "${cur}") )
            return 0
            ;;
        agr__help__agents__no__wrap__list)
            opts=""
            if [[ ${cur} == -* || ${COMP_CWORD} -eq 5 ]] ; then
                COMPREPLY=( $(compgen -W "${opts}" -- "${cur}") )
                return 0
            fi
            case "${prev}" in
                *)
                    COMPREPLY=()
                    ;;
            esac
            COMPREPLY=( $(compgen -W "${opts}" -- "${cur}") )
            return 0
            ;;
        agr__help__agents__no__wrap__remove)
            opts=""
            if [[ ${cur} == -* || ${COMP_CWORD} -eq 5 ]] ; then
                COMPREPLY=( $(compgen -W "${opts}" -- "${cur}") )
                return 0
            fi
            case "${prev}" in
                *)
                    COMPREPLY=()
                    ;;
            esac
            COMPREPLY=( $(compgen -W "${opts}" -- "${cur}") )
            return 0
            ;;
        agr__help__agents__remove)
            opts=""
            if [[ ${cur} == -* || ${COMP_CWORD} -eq 4 ]] ; then
                COMPREPLY=( $(compgen -W "${opts}" -- "${cur}") )
                return 0
            fi
            case "${prev}" in
                *)
                    COMPREPLY=()
                    ;;
            esac
            COMPREPLY=( $(compgen -W "${opts}" -- "${cur}") )
            return 0
            ;;
        agr__help__analyze)
            opts=""
            if [[ ${cur} == -* || ${COMP_CWORD} -eq 3 ]] ; then
                COMPREPLY=( $(compgen -W "${opts}" -- "${cur}") )
                return 0
            fi
            case "${prev}" in
                *)
                    COMPREPLY=()
                    ;;
            esac
            COMPREPLY=( $(compgen -W "${opts}" -- "${cur}") )
            return 0
            ;;
        agr__help__cleanup)
            opts=""
            if [[ ${cur} == -* || ${COMP_CWORD} -eq 3 ]] ; then
                COMPREPLY=( $(compgen -W "${opts}" -- "${cur}") )
                return 0
            fi
            case "${prev}" in
                *)
                    COMPREPLY=()
                    ;;
            esac
            COMPREPLY=( $(compgen -W "${opts}" -- "${cur}") )
            return 0
            ;;
        agr__help__completions)
            opts=""
            if [[ ${cur} == -* || ${COMP_CWORD} -eq 3 ]] ; then
                COMPREPLY=( $(compgen -W "${opts}" -- "${cur}") )
                return 0
            fi
            case "${prev}" in
                *)
                    COMPREPLY=()
                    ;;
            esac
            COMPREPLY=( $(compgen -W "${opts}" -- "${cur}") )
            return 0
            ;;
        agr__help__config)
            opts="show edit migrate"
            if [[ ${cur} == -* || ${COMP_CWORD} -eq 3 ]] ; then
                COMPREPLY=( $(compgen -W "${opts}" -- "${cur}") )
                return 0
            fi
            case "${prev}" in
                *)
                    COMPREPLY=()
                    ;;
            esac
            COMPREPLY=( $(compgen -W "${opts}" -- "${cur}") )
            return 0
            ;;
        agr__help__config__edit)
            opts=""
            if [[ ${cur} == -* || ${COMP_CWORD} -eq 4 ]] ; then
                COMPREPLY=( $(compgen -W "${opts}" -- "${cur}") )
                return 0
            fi
            case "${prev}" in
                *)
                    COMPREPLY=()
                    ;;
            esac
            COMPREPLY=( $(compgen -W "${opts}" -- "${cur}") )
            return 0
            ;;
        agr__help__config__migrate)
            opts=""
            if [[ ${cur} == -* || ${COMP_CWORD} -eq 4 ]] ; then
                COMPREPLY=( $(compgen -W "${opts}" -- "${cur}") )
                return 0
            fi
            case "${prev}" in
                *)
                    COMPREPLY=()
                    ;;
            esac
            COMPREPLY=( $(compgen -W "${opts}" -- "${cur}") )
            return 0
            ;;
        agr__help__config__show)
            opts=""
            if [[ ${cur} == -* || ${COMP_CWORD} -eq 4 ]] ; then
                COMPREPLY=( $(compgen -W "${opts}" -- "${cur}") )
                return 0
            fi
            case "${prev}" in
                *)
                    COMPREPLY=()
                    ;;
            esac
            COMPREPLY=( $(compgen -W "${opts}" -- "${cur}") )
            return 0
            ;;
        agr__help__help)
            opts=""
            if [[ ${cur} == -* || ${COMP_CWORD} -eq 3 ]] ; then
                COMPREPLY=( $(compgen -W "${opts}" -- "${cur}") )
                return 0
            fi
            case "${prev}" in
                *)
                    COMPREPLY=()
                    ;;
            esac
            COMPREPLY=( $(compgen -W "${opts}" -- "${cur}") )
            return 0
            ;;
        agr__help__list)
            opts=""
            if [[ ${cur} == -* || ${COMP_CWORD} -eq 3 ]] ; then
                COMPREPLY=( $(compgen -W "${opts}" -- "${cur}") )
                return 0
            fi
            case "${prev}" in
                *)
                    COMPREPLY=()
                    ;;
            esac
            COMPREPLY=( $(compgen -W "${opts}" -- "${cur}") )
            return 0
            ;;
        agr__help__marker)
            opts="add list"
            if [[ ${cur} == -* || ${COMP_CWORD} -eq 3 ]] ; then
                COMPREPLY=( $(compgen -W "${opts}" -- "${cur}") )
                return 0
            fi
            case "${prev}" in
                *)
                    COMPREPLY=()
                    ;;
            esac
            COMPREPLY=( $(compgen -W "${opts}" -- "${cur}") )
            return 0
            ;;
        agr__help__marker__add)
            opts=""
            if [[ ${cur} == -* || ${COMP_CWORD} -eq 4 ]] ; then
                COMPREPLY=( $(compgen -W "${opts}" -- "${cur}") )
                return 0
            fi
            case "${prev}" in
                *)
                    COMPREPLY=()
                    ;;
            esac
            COMPREPLY=( $(compgen -W "${opts}" -- "${cur}") )
            return 0
            ;;
        agr__help__marker__list)
            opts=""
            if [[ ${cur} == -* || ${COMP_CWORD} -eq 4 ]] ; then
                COMPREPLY=( $(compgen -W "${opts}" -- "${cur}") )
                return 0
            fi
            case "${prev}" in
                *)
                    COMPREPLY=()
                    ;;
            esac
            COMPREPLY=( $(compgen -W "${opts}" -- "${cur}") )
            return 0
            ;;
        agr__help__optimize)
            opts=""
            if [[ ${cur} == -* || ${COMP_CWORD} -eq 3 ]] ; then
                COMPREPLY=( $(compgen -W "${opts}" -- "${cur}") )
                return 0
            fi
            case "${prev}" in
                *)
                    COMPREPLY=()
                    ;;
            esac
            COMPREPLY=( $(compgen -W "${opts}" -- "${cur}") )
            return 0
            ;;
        agr__help__play)
            opts=""
            if [[ ${cur} == -* || ${COMP_CWORD} -eq 3 ]] ; then
                COMPREPLY=( $(compgen -W "${opts}" -- "${cur}") )
                return 0
            fi
            case "${prev}" in
                *)
                    COMPREPLY=()
                    ;;
            esac
            COMPREPLY=( $(compgen -W "${opts}" -- "${cur}") )
            return 0
            ;;
        agr__help__record)
            opts=""
            if [[ ${cur} == -* || ${COMP_CWORD} -eq 3 ]] ; then
                COMPREPLY=( $(compgen -W "${opts}" -- "${cur}") )
                return 0
            fi
            case "${prev}" in
                *)
                    COMPREPLY=()
                    ;;
            esac
            COMPREPLY=( $(compgen -W "${opts}" -- "${cur}") )
            return 0
            ;;
        agr__help__shell)
            opts="status install uninstall"
            if [[ ${cur} == -* || ${COMP_CWORD} -eq 3 ]] ; then
                COMPREPLY=( $(compgen -W "${opts}" -- "${cur}") )
                return 0
            fi
            case "${prev}" in
                *)
                    COMPREPLY=()
                    ;;
            esac
            COMPREPLY=( $(compgen -W "${opts}" -- "${cur}") )
            return 0
            ;;
        agr__help__shell__install)
            opts=""
            if [[ ${cur} == -* || ${COMP_CWORD} -eq 4 ]] ; then
                COMPREPLY=( $(compgen -W "${opts}" -- "${cur}") )
                return 0
            fi
            case "${prev}" in
                *)
                    COMPREPLY=()
                    ;;
            esac
            COMPREPLY=( $(compgen -W "${opts}" -- "${cur}") )
            return 0
            ;;
        agr__help__shell__status)
            opts=""
            if [[ ${cur} == -* || ${COMP_CWORD} -eq 4 ]] ; then
                COMPREPLY=( $(compgen -W "${opts}" -- "${cur}") )
                return 0
            fi
            case "${prev}" in
                *)
                    COMPREPLY=()
                    ;;
            esac
            COMPREPLY=( $(compgen -W "${opts}" -- "${cur}") )
            return 0
            ;;
        agr__help__shell__uninstall)
            opts=""
            if [[ ${cur} == -* || ${COMP_CWORD} -eq 4 ]] ; then
                COMPREPLY=( $(compgen -W "${opts}" -- "${cur}") )
                return 0
            fi
            case "${prev}" in
                *)
                    COMPREPLY=()
                    ;;
            esac
            COMPREPLY=( $(compgen -W "${opts}" -- "${cur}") )
            return 0
            ;;
        agr__help__status)
            opts=""
            if [[ ${cur} == -* || ${COMP_CWORD} -eq 3 ]] ; then
                COMPREPLY=( $(compgen -W "${opts}" -- "${cur}") )
                return 0
            fi
            case "${prev}" in
                *)
                    COMPREPLY=()
                    ;;
            esac
            COMPREPLY=( $(compgen -W "${opts}" -- "${cur}") )
            return 0
            ;;
        agr__list)
            opts="-h --help [AGENT]"
            if [[ ${cur} == -* || ${COMP_CWORD} -eq 2 ]] ; then
                COMPREPLY=( $(compgen -W "${opts}" -- "${cur}") )
                return 0
            fi
            case "${prev}" in
                *)
                    COMPREPLY=()
                    ;;
            esac
            COMPREPLY=( $(compgen -W "${opts}" -- "${cur}") )
            return 0
            ;;
        agr__marker)
            opts="-h --help add list help"
            if [[ ${cur} == -* || ${COMP_CWORD} -eq 2 ]] ; then
                COMPREPLY=( $(compgen -W "${opts}" -- "${cur}") )
                return 0
            fi
            case "${prev}" in
                *)
                    COMPREPLY=()
                    ;;
            esac
            COMPREPLY=( $(compgen -W "${opts}" -- "${cur}") )
            return 0
            ;;
        agr__marker__add)
            opts="-h --help <FILE> <TIME> <LABEL>"
            if [[ ${cur} == -* || ${COMP_CWORD} -eq 3 ]] ; then
                COMPREPLY=( $(compgen -W "${opts}" -- "${cur}") )
                return 0
            fi
            case "${prev}" in
                *)
                    COMPREPLY=()
                    ;;
            esac
            COMPREPLY=( $(compgen -W "${opts}" -- "${cur}") )
            return 0
            ;;
        agr__marker__help)
            opts="add list help"
            if [[ ${cur} == -* || ${COMP_CWORD} -eq 3 ]] ; then
                COMPREPLY=( $(compgen -W "${opts}" -- "${cur}") )
                return 0
            fi
            case "${prev}" in
                *)
                    COMPREPLY=()
                    ;;
            esac
            COMPREPLY=( $(compgen -W "${opts}" -- "${cur}") )
            return 0
            ;;
        agr__marker__help__add)
            opts=""
            if [[ ${cur} == -* || ${COMP_CWORD} -eq 4 ]] ; then
                COMPREPLY=( $(compgen -W "${opts}" -- "${cur}") )
                return 0
            fi
            case "${prev}" in
                *)
                    COMPREPLY=()
                    ;;
            esac
            COMPREPLY=( $(compgen -W "${opts}" -- "${cur}") )
            return 0
            ;;
        agr__marker__help__help)
            opts=""
            if [[ ${cur} == -* || ${COMP_CWORD} -eq 4 ]] ; then
                COMPREPLY=( $(compgen -W "${opts}" -- "${cur}") )
                return 0
            fi
            case "${prev}" in
                *)
                    COMPREPLY=()
                    ;;
            esac
            COMPREPLY=( $(compgen -W "${opts}" -- "${cur}") )
            return 0
            ;;
        agr__marker__help__list)
            opts=""
            if [[ ${cur} == -* || ${COMP_CWORD} -eq 4 ]] ; then
                COMPREPLY=( $(compgen -W "${opts}" -- "${cur}") )
                return 0
            fi
            case "${prev}" in
                *)
                    COMPREPLY=()
                    ;;
            esac
            COMPREPLY=( $(compgen -W "${opts}" -- "${cur}") )
            return 0
            ;;
        agr__marker__list)
            opts="-h --help <FILE>"
            if [[ ${cur} == -* || ${COMP_CWORD} -eq 3 ]] ; then
                COMPREPLY=( $(compgen -W "${opts}" -- "${cur}") )
                return 0
            fi
            case "${prev}" in
                *)
                    COMPREPLY=()
                    ;;
            esac
            COMPREPLY=( $(compgen -W "${opts}" -- "${cur}") )
            return 0
            ;;
        agr__optimize)
            opts="-o -h --remove-silence --output --help <FILE>"
            if [[ ${cur} == -* || ${COMP_CWORD} -eq 2 ]] ; then
                COMPREPLY=( $(compgen -W "${opts}" -- "${cur}") )
                return 0
            fi
            case "${prev}" in
                --remove-silence)
                    COMPREPLY=($(compgen -f "${cur}"))
                    return 0
                    ;;
                --output)
                    COMPREPLY=($(compgen -f "${cur}"))
                    return 0
                    ;;
                -o)
                    COMPREPLY=($(compgen -f "${cur}"))
                    return 0
                    ;;
                *)
                    COMPREPLY=()
                    ;;
            esac
            COMPREPLY=( $(compgen -W "${opts}" -- "${cur}") )
            return 0
            ;;
        agr__play)
            opts="-h --help <FILE>"
            if [[ ${cur} == -* || ${COMP_CWORD} -eq 2 ]] ; then
                COMPREPLY=( $(compgen -W "${opts}" -- "${cur}") )
                return 0
            fi
            case "${prev}" in
                *)
                    COMPREPLY=()
                    ;;
            esac
            COMPREPLY=( $(compgen -W "${opts}" -- "${cur}") )
            return 0
            ;;
        agr__record)
            opts="-n -h --name --help <AGENT> [ARGS]..."
            if [[ ${cur} == -* || ${COMP_CWORD} -eq 2 ]] ; then
                COMPREPLY=( $(compgen -W "${opts}" -- "${cur}") )
                return 0
            fi
            case "${prev}" in
                --name)
                    COMPREPLY=($(compgen -f "${cur}"))
                    return 0
                    ;;
                -n)
                    COMPREPLY=($(compgen -f "${cur}"))
                    return 0
                    ;;
                *)
                    COMPREPLY=()
                    ;;
            esac
            COMPREPLY=( $(compgen -W "${opts}" -- "${cur}") )
            return 0
            ;;
        agr__shell)
            opts="-h --help status install uninstall help"
            if [[ ${cur} == -* || ${COMP_CWORD} -eq 2 ]] ; then
                COMPREPLY=( $(compgen -W "${opts}" -- "${cur}") )
                return 0
            fi
            case "${prev}" in
                *)
                    COMPREPLY=()
                    ;;
            esac
            COMPREPLY=( $(compgen -W "${opts}" -- "${cur}") )
            return 0
            ;;
        agr__shell__help)
            opts="status install uninstall help"
            if [[ ${cur} == -* || ${COMP_CWORD} -eq 3 ]] ; then
                COMPREPLY=( $(compgen -W "${opts}" -- "${cur}") )
                return 0
            fi
            case "${prev}" in
                *)
                    COMPREPLY=()
                    ;;
            esac
            COMPREPLY=( $(compgen -W "${opts}" -- "${cur}") )
            return 0
            ;;
        agr__shell__help__help)
            opts=""
            if [[ ${cur} == -* || ${COMP_CWORD} -eq 4 ]] ; then
                COMPREPLY=( $(compgen -W "${opts}" -- "${cur}") )
                return 0
            fi
            case "${prev}" in
                *)
                    COMPREPLY=()
                    ;;
            esac
            COMPREPLY=( $(compgen -W "${opts}" -- "${cur}") )
            return 0
            ;;
        agr__shell__help__install)
            opts=""
            if [[ ${cur} == -* || ${COMP_CWORD} -eq 4 ]] ; then
                COMPREPLY=( $(compgen -W "${opts}" -- "${cur}") )
                return 0
            fi
            case "${prev}" in
                *)
                    COMPREPLY=()
                    ;;
            esac
            COMPREPLY=( $(compgen -W "${opts}" -- "${cur}") )
            return 0
            ;;
        agr__shell__help__status)
            opts=""
            if [[ ${cur} == -* || ${COMP_CWORD} -eq 4 ]] ; then
                COMPREPLY=( $(compgen -W "${opts}" -- "${cur}") )
                return 0
            fi
            case "${prev}" in
                *)
                    COMPREPLY=()
                    ;;
            esac
            COMPREPLY=( $(compgen -W "${opts}" -- "${cur}") )
            return 0
            ;;
        agr__shell__help__uninstall)
            opts=""
            if [[ ${cur} == -* || ${COMP_CWORD} -eq 4 ]] ; then
                COMPREPLY=( $(compgen -W "${opts}" -- "${cur}") )
                return 0
            fi
            case "${prev}" in
                *)
                    COMPREPLY=()
                    ;;
            esac
            COMPREPLY=( $(compgen -W "${opts}" -- "${cur}") )
            return 0
            ;;
        agr__shell__install)
            opts="-h --help"
            if [[ ${cur} == -* || ${COMP_CWORD} -eq 3 ]] ; then
                COMPREPLY=( $(compgen -W "${opts}" -- "${cur}") )
                return 0
            fi
            case "${prev}" in
                *)
                    COMPREPLY=()
                    ;;
            esac
            COMPREPLY=( $(compgen -W "${opts}" -- "${cur}") )
            return 0
            ;;
        agr__shell__status)
            opts="-h --help"
            if [[ ${cur} == -* || ${COMP_CWORD} -eq 3 ]] ; then
                COMPREPLY=( $(compgen -W "${opts}" -- "${cur}") )
                return 0
            fi
            case "${prev}" in
                *)
                    COMPREPLY=()
                    ;;
            esac
            COMPREPLY=( $(compgen -W "${opts}" -- "${cur}") )
            return 0
            ;;
        agr__shell__uninstall)
            opts="-h --help"
            if [[ ${cur} == -* || ${COMP_CWORD} -eq 3 ]] ; then
                COMPREPLY=( $(compgen -W "${opts}" -- "${cur}") )
                return 0
            fi
            case "${prev}" in
                *)
                    COMPREPLY=()
                    ;;
            esac
            COMPREPLY=( $(compgen -W "${opts}" -- "${cur}") )
            return 0
            ;;
        agr__status)
            opts="-h --help"
            if [[ ${cur} == -* || ${COMP_CWORD} -eq 2 ]] ; then
                COMPREPLY=( $(compgen -W "${opts}" -- "${cur}") )
                return 0
            fi
            case "${prev}" in
                *)
                    COMPREPLY=()
                    ;;
            esac
            COMPREPLY=( $(compgen -W "${opts}" -- "${cur}") )
            return 0
            ;;
    esac
}

if [[ "${BASH_VERSINFO[0]}" -eq 4 && "${BASH_VERSINFO[1]}" -ge 4 || "${BASH_VERSINFO[0]}" -gt 4 ]]; then
    complete -F _agr -o nosort -o bashdefault -o default agr
else
    complete -F _agr -o bashdefault -o default agr
fi

--- stderr ---
