---
source: tests/unit/tui_test.rs
assertion_line: 128
expression: snapshot
---
=== Width 40 ===
                                        
                                        
 █████╗  ██████╗ ██████╗                
██╔══██╗██╔════╝ ██╔══██╗               
███████║██║  ███╗██████╔╝               
██╔══██║██║   ██║██╔══██╗               
██║  ██║╚██████╔╝██║  ██║               
╚═╝  ╚═╝ ╚═════╝ ╚═╝  ╚═╝               
 ⏺ REC ─────────────────────────────────
                                        
                                        
                                        

=== Width 80 ===
                                                                                
                                                                                
 █████╗  ██████╗ ██████╗                                                        
██╔══██╗██╔════╝ ██╔══██╗                                                       
███████║██║  ███╗██████╔╝                                                       
██╔══██║██║   ██║██╔══██╗                                                       
██║  ██║╚██████╔╝██║  ██║                                                       
╚═╝  ╚═╝ ╚═════╝ ╚═╝  ╚═╝                                                       
 ⏺ REC ─────────────────────────────────────────────────────────────────────────
                                                                                
                                                                                
                                                                                

=== Width 120 ===
                                                                                                                        
                                                                                                                        
 █████╗  ██████╗ ██████╗                                                                                                
██╔══██╗██╔════╝ ██╔══██╗                                                                                               
███████║██║  ███╗██████╔╝                                                                                               
██╔══██║██║   ██║██╔══██╗                                                                                               
██║  ██║╚██████╔╝██║  ██║                                                                                               
╚═╝  ╚═╝ ╚═════╝ ╚═╝  ╚═╝                                                                                               
 ⏺ REC ─────────────────────────────────────────────────────────────────────────────────────────────────────────────────
