---
source: tests/integration/snapshot_tui_test.rs
expression: output
---
                                                            
                                                            
                                                            
          ┌ Menu ────────────────────────────────┐          
          │Actions                               │          
          │                                      │          
          │    Play (p)                          │          
          │    Copy to clipboard (c)             │          
          │>   Optimize (t)                      │          
          │       Removes silence from recording │          
          │    Analyze (a)                       │          
          │    Restore from backup (r)           │          
          │    Delete (d)                        │          
          │    Add marker (m)                    │          
          └──────────────────────────────────────┘
