---
source: tests/unit/tui_test.rs
assertion_line: 77
expression: output
---
=== 80x12 ===
                                                                                
                                                                                
 █████╗  ██████╗ ██████╗                                                        
██╔══██╗██╔════╝ ██╔══██╗                                                       
███████║██║  ███╗██████╔╝                                                       
██╔══██║██║   ██║██╔══██╗                                                       
██║  ██║╚██████╔╝██║  ██║                                                       
╚═╝  ╚═╝ ╚═════╝ ╚═╝  ╚═╝                                                       
 ⏺ REC ─────────────────────────────────────────────────────────────────────────
                                                                                
                                                                                
                                                                                

--- Colors Used ---
  Reset
  LightGreen
  DarkGray
