---
source: tests/unit/tui_test.rs
assertion_line: 301
expression: output
---

 █████╗  ██████╗ ██████╗
██╔══██╗██╔════╝ ██╔══██╗
███████║██║  ███╗██████╔╝
██╔══██║██║   ██║██╔══██╗
██║  ██║╚██████╔╝██║  ██║
╚═╝  ╚═╝ ╚═════╝ ╚═╝  ╚═╝
 ⏺ REC ─────────────────────────────────────────────────────────────────────────
