---
source: tests/integration/snapshot_tui_test.rs
assertion_line: 944
expression: output
---
┌ Sessions ────────────────────────────────────────────────┐┌ Preview ─────────────────────────────┐
│> [ ] 20240116-recording.cast 📹   (claude, 10.0 KB)       ││Name: 20240116-recording.cast         │
│  [ ] 20240115-session1.cast  (claude, 50.0 KB)           ││Agent: claude                         │
│  [ ] 20240114-session3.cast  (codex, 100.0 KB)           ││Size: 10.0 KB                         │
│                                                          ││Duration: 42s                         │
│                                                          ││Markers: 0                            │
│                                                          ││Status: 📹  Recording (PID 12345)      │
│                                                          ││Modified: 2024-01-16 14:00            │
│                                                          ││                                      │
│                                                          ││Preview                               │
│                                                          ││ $ claude                             │
│                                                          ││                                      │
│                                                          ││                                      │
│                                                          ││                                      │
└──────────────────────────────────────────────────────────┘└──────────────────────────────────────┘
