---
source: tests/integration/snapshot_tui_test.rs
assertion_line: 478
expression: output
---
┌ Sessions ────────────────────────────────────────────────┐┌ Preview ─────────────────────────────┐
│                                                          ││No file selected                      │
│                                                          ││                                      │
│                                                          ││                                      │
│                                                          ││                                      │
│                                                          ││                                      │
│                                                          ││                                      │
│                                                          ││                                      │
│                                                          ││                                      │
│                                                          ││                                      │
│                                                          ││                                      │
│                                                          ││                                      │
│                                                          ││                                      │
│                                                          ││                                      │
└──────────────────────────────────────────────────────────┘└──────────────────────────────────────┘
