---
source: tests/integration/snapshot_tui_test.rs
expression: output
---
                                                            
                                                            
          ┌ Menu ────────────────────────────────┐          
          │Actions                               │          
          │                                      │          
          │    Play (p)                          │          
          │    Optimize (t)                      │          
          │       Removes silence from recording │          
          │>   Restore from backup (r) - no backu│          
          │    Delete (d)                        │          
          │    Add marker (m)                    │          
          └──────────────────────────────────────┘
