---
source: tests/integration/snapshot_tui_test.rs
expression: output
---
┌ Sessions ────────────────────────────────────────────────┐┌ Preview ─────────────────────────────┐
│> [ ] 20240117-session4.cast  (gemini, 1.0 MB)            ││Name: 20240117-session4.cast          │
│  [ ] 20240116-session2.cast  (codex, 2.0 MB)             ││Agent: gemini                         │
│  [ ] 20240115-session1.cast  (claude, 50.0 KB)           ││Size: 1.0 MB                          │
│  [ ] 20240114-session3.cast  (claude, 100.0 KB)          ││Duration: 5m 0s                       │
│                                                          ││Markers: 2                            │
│                                                          ││Backup: Available (r to restore)      │
│                                                          ││Modified: 2024-01-17 16:00            │
│                                                          ││                                      │
│                                                          ││Preview                               │
│                                                          ││ $ echo hello                         │
│                                                          ││                                      │
│                                                          ││                                      │
│                                                          ││                                      │
│                                                          ││                                      │
│                                                          ││                                      │
│                                                          ││                                      │
│                                                          ││                                      │
│                                                          ││                                      │
└──────────────────────────────────────────────────────────┘└──────────────────────────────────────┘
